<html>
<body>
<pre>
<h1>µVision Build Log</h1>
<h2>Project:</h2>
C:\Users\Syed\Desktop\Final project micro\finalProject.uvproj
Project File Date:  05/30/2018

<h2>Output:</h2>
Rebuild target 'Target 1'
compiling gpio.c...
Header.h(61): warning:  #1295-D: Deprecated declaration light_sensor - give arg types
  void light_sensor();
Header.h(63): warning:  #1295-D: Deprecated declaration moisture_sensor - give arg types
  void moisture_sensor();
gpio.c: 2 warnings, 0 errors
compiling main.c...
Header.h(61): warning:  #1295-D: Deprecated declaration light_sensor - give arg types
  void light_sensor();
Header.h(63): warning:  #1295-D: Deprecated declaration moisture_sensor - give arg types
  void moisture_sensor();
main.c: 2 warnings, 0 errors
assembling startup.s...
linking...
Program Size: Code=3008 RO-data=32 RW-data=8 ZI-data=1120  
FromELF: creating hex file...
".\finalProject.axf" - 0 Error(s), 4 Warning(s).
Load "C:\\Users\\Syed\\Desktop\\Final project micro\\finalProject.axf" 
Connecting: Mode=JTAG, Speed=1000000Hz
Erase Done.
Programming Done.
Verify OK.
</pre>
</body>
</html>
